__PrtBorder(
__PrtCenter(cMsg)
__PrtFatLine(
__PrtLeft(cMsg,lBorder)
__PrtLogo(lBorder)
__PrtRight(cMsg,lBorder)
__PrtThinLine(
aAdd(aDestino,expValor)
Abs(nExp)
aClone(aFonte)
aCopy(aFonte,aDestino,nInicio,nCont,nPosDestino)
ACos(nCosseno)
aDel(aDestino,nPosicao)
aDir(cEspecArq,aNomesArq,aTamanhos,aDatas,aHorasaAtributos)
aEval(aVetor,bBloco,nInicio,nCont)
aFields(aNomesCampo,aTipos,aTamanhos,aDecimais)
aFill(aDestino,ValorExp,nInicio,nCont)
aIns(aDestino,nPosicao)
Alert(cMessage)
Alias(nAreaTrabalho)
AllToChar(xPar,cPict,lDtos)
AllTrim(cString)
AllTudoOk(oDlg)
AmIIn(nMod1,nMod2,...nModN)
AnoMes(dData)
APBuildHeader(uField,aNotUsed)
APMsgAlert(cMsg,cCaption)
APMsgInfo(cMsg,cCaption)
APMsgNoYes(cMsg,cCaption)
APMsgStop(cMsg,cCaption)
APMsgYesNo(cMsg,cCaption)
Array(nElementos,[nElementos...])
Asc(cExp)
aScan(aDestino,ProcuraExp,nInicio,nCont)
ASin(nSeno) 
aSize(aDestino,nTamanho)
aSort(aDestino,nInicio,nCont,bOrdem)
At(cPesquisa,cDestino)
Atail(aArray)
AtVldHora(cHora,lTipo)
Aviso(cCaption,cMensagem,aBotoes,nSize,cCaption2,nRotAutDefault,cBitmap)
AvSx3(cCampo,nProp[0_a_15])
Bin2I(cIntSinal)
Bin2L(cIntSinal)
Bin2W(cIntSemSinal)
Bof(
Break(exp)
BUILDF3(aArray,cAlias,cCamporet,cTabela,lAltera,lSx5subfiltro,aNewfunction,cTopfun,cBotfun,cExecesp,cVisuesp,uContent,cInitseek,cConsexec)
Cabec(cTitulo,cCabec1,cCabec2,cNomPrg,nTamanho,nChar,aCustomText,lPerg,cLogo)
Calculadora(
Capital(cTexto)
Capital(fRase)
CdoW(dExp)
cGetFile(cFiltro,cTitulo,nMascara,cDirIni,lTipo[.F._Salva_e_.T._Abre],nMascara[0_a_128])
ChangeQuery(cQuery)
CheckTemplate(aTplEmp,aTplFiles,lTIW)
ChgFileExt(cFileName,cExtension)
ChkFile(cAlias,lExcl,cNewAlias,bCreateArq,bCreateIDX,lCreate,lInOpenData,cSX2,lIndexOpen)
ChkTemplate(cNickName)
ChkVazio(cAlias,lShowHelp)
Chr(nCodigo)
CkDrive(cDrive,lEnd)
CkSpace(cDrive,lEnd,nSpace,lMsg)
ClassDataArr(oObj)
CMonth(dData)
COLORTRIANGLE(nColorini)
ComputerName(
ConfirmSX8(
ConOUt(cTexto)
Conpad1(a,b,c,cAlias,cCamporet,lGet,lOnlyview,cVar,oGet,uContent)
ConvMoeda(dEmissao,dVencto,nValor,cMoeda)
CpoRetF3(cCampo,cDefaultF3)
CriaDBF(cArquivo,cAlias,cDriver)
CriarSX6(cNomePram,cTipoDado,cDescricao,cConteudo)
CriaTrab(aEstrutura,lGera)
CToD(cData)
CurDir(cEspecDrive)
DataHora2Str(dData,nHora)
DataHora2Val(dDataIni,nHoraIni,dDataFim,nDtaFim,cTipo[ADHM])
Date(
Date2Soap(dDate)
DateDiffDay(dDateIni,dDateFim)
DateDiffMonth(dDateIni,dDateFim)
DateDiffYear(dDateIni,dDateFim)
Day(dData)
DbAppend(lReleaseRecLocks)
DbClearFilter(
DbClearIndex(
DbCloseAll(
DbCloseArea(
DbCommit(
DbCommitAll(
DbCreate(cArqdados,aEstrut)
DbCreateIndex(cIndexName,cKeyExpr,bKeyExpr,lUnique)
DbDelete(
DbEval(bBloco,bCondicaoFor,bCondicaoWhile,nQuantosRegistros,nRegistro,lRegRestantes)
DBF(
DbFilter(
DbGoBottom(
DbGoTo(xIdentity)
DbGoTop(
DbOrderNickName(cNickName)
DbRLockList(
DbSeek(expKey,lSoftSeek,lLast)
DbSelectArea(cAlias)
DbSetFilter(bCondition,cCondition)
DbSetIndex(cOrderName)
DbSetOrder(nOrderNum)
DbSkip(
DbStruct(
DbUnLock(
DbUnLockAll(
DbUseArea(lNewArea,cDriver,cName,xcAlias,lShared,lReadonly)
DecTime(cTime_Formato_HH:MM:SS,nDecHours,nDecMinuts,nDecSeconds)
DecToHex(nValue,nSize)
Deleted(
DevPos(nLinha,nCol)
DiaExtenso(dData)
DiaSemana(dData,nSize,nDia)
Directory(cDirSpec,cAtributos)
DisarmTransaction(
DiskSpace(nDrive)
DispBegin(
DispEnd(
Dow(dData)
DRIVENAME(cDriver)
DtoC(dData)
DtoS(dData)
Embaralha(cText,nType)
EmpOpenFile(cNewAlias,cAlias,nOrdem,.T._Abre/.F._Fecha,cEmpresa,@cModo)
Empty(Exp)
Enchoice(cAliasE,nReg,nOpc,aCRA,cLetra,cTexto,aCpoEnch,aPos,aAlterEnch,nModelo,nColMens,cMensagem,cTudoOk,oDlg,lF3,lMemoria,lColumn,caTela,lNoFolder,lProperty)
EnchoiceBar(oDlg,bOk,bCancel,lMessageDel,aButtons,nReg,cAlias)
ENCHOICEBAR(oDlg,bOk,bCancel,lMessagedel,aButtons,nReg,cAlias,lMashups,lImpcad)
EndFilBrw(cAlias,aQuery)
Entre(xOper1,xOper2,cCampo)
Eof(
ErrorBlock(bErrorHandler)
etFontPixWidths(cFontName, nTamanho, lBold, lItalic, lUnderline)
Eval(bBloco,ListaArgBloco)
EvalTrigger(
ExecBlock(cBlock,lSave,lSets,uParam,lLocaliz)
ExecBrow(cFunction,nVerIfy,nOption,cAlias,aEncho,lMarkBr,cTopFun,cBotFun,lBrwLight,lTopFilter,lSeeAll,lChgAll)
ExecInDLLClose(nHandle)
ExecInDLLOpen(cDLLName)
ExecInDLLRun(nHandle,nOpc,cBuffer)
ExecTemplate(cBlock,uPar2,uPar3,Upar4,uPar5,uPar6,uPar7)
ExeDLLRun2(nHandle,nOpc,cBuffer)
ExistBlock(cBlock,lLocaliz,lForced)
ExistChav(cAlias,cChave,nOrdem,cHelp)
ExistCpo(cAlias,cChave,nOrdem,cHelp,lMostraErro)
ExisteSx6(cParam)
ExistField(cAlias,cField,nFieldPos,cFieldType,nFieldLen,nFieldDec)
ExistProc(cProcedureName)
ExistTemplate(cBlock)
ExistTrigger(cCampo)
Exp(nExpoente)
ExtractExt(cFileName)
ExtractFile(cFileName)
ExtractPath(cFileName)
ExtractTime(cTime,nHours,nMinuts,nSeconds,cRet[HMS])
F_UltDia(dData)
FClose(nHandle)
FCount(
FCreate(cArquivo,nAtributo)
FErase(Arq)
FError(
Field(nPosicao)
FieldBlock(cNomeCampo)
FieldGet(nCampo)
FieldName(nPosicao)
FieldPos(cFieldName)
FieldPut(nCampo,ExpAtrib)
FieldWBlock(cNomeCampo,nAreaTrab)
FilBrowse(cAlias,aQuery,cFiltro,lShowProc)
File(cEspecArq)
FileCreate(cFile,@nHandle,@nErr,nSrvRem)
FileErase(cFile,@nErr)
FileNoExt(cFile)
FindFunction(cFunName)
FindNickName(cAlias,cNickName)
FirstDay(dData)
FkCommit(lOnlyInInsert)
FkDelete(@cMsg)
FOpen(cArq,nModo)
FormatIn(cString,cSeparador)
FormBatch(cTitle,aSays,aButtons,bValid,nAltura,nLargura)
Found(
FRead(nHandle,@cBufferVar,nBytes)
FReadStr(nHandle,nBytes)
FreeCodeUsed(cAlias,cCodeUsed)
FreeForUse(cAlias,cChave)
FreeObj(oObj)
FRename(cArqCorr,cArqNovo)
FSeek(nHandle,nDeslocamento,nOrigem)
FT_FGOBOT(
FT_PFLUSH(
FT_RESTARR(cFile,lEncript)
FT_SAVEARR(aArray,cFile,lEncript)
FTPCONNECT(cServer,nPorta,cUser,cPass,lUsesipconn)
FTPDELETEFILE(cFile)
FTPDIRCHANGE(cDir)
FTPDIRECTORY(cMascara,cAttr)
FTPDISCONNECT(
FTPDOWNLOAD(cFilelocal,cFileftp)
FTPERASE(cFileftp)
FTPGETCURDIR(
FTPQUOTE(cCommand)
FTPRENAMEFILE(cSourcefile,cDestfile)
FTPSAMPLE(
FTPSETPASV(_Lfirewall)
FTPSETTYPE(nType)
FTPUPLOAD(cFilelocal,cFileftp)
FunName(
FunType(
FWLSVERSION(
FWMARKBROWSE(cAlias,cCampo,cCpo,aCampos,lMarc,cMarca,cCtrlm,lBotoes,cTopfun,cBotfun,cAval,bParbloco,cExprfiltop,lIgnorecpo,aColors,lShowwalkthru,cTela,cFilterdefault)
FWMBROWSE(cAlias,aFixe,cCpo,cFun,nDefault,aColors,cTopfun,cBotfun,bParbloco,lNotopfilter,lSeeall,lChgall,cExprfiltop,nInterval,bTimeraction,cTela,cFilterdefault)
FWMODNAME(cModule,lCfg)
FWrite(nHandle,cBuffer,nBytes)
GDCheckKey(aCpo,nModelo,aNoEmpty,cMsgAviso,lShowAviso)
GDChgPict(oDlg,nTipo,oPesq,cPesq,oComboBox)
GDDeleted(nLinha,aHeaderPastPar,aColsPastPar)
GDFieldGet(cCampo,nLinha,lReadVar,aHeaderPastPar,aColsPastPar)
GDFieldPos(cCampo,aHeader)
GDFieldPut(cCampo,uConteudo,nLinha,aHeaderPastPar,aColsPastPar,lReadVar)
GDFill(nOpcx,cAlias,nOrder,cSeekKey,bSeekWhile,bSeekFor,aNoFields,aYesFields,lOnlyYes)
GDNoEmpty(aCpos,nLine,aHeaderPastPar,aColsPastPar,lReadVar,cMsg,lShowMsg)
GDObrigat(aHeader,cAlias)
GDPosDeleted(aHeaderPastPar)
GDSeek(oGetDados,cTitulo,aHeaderPar,aColsPar,lOrdena)
GETADV97(
GetAdvFVal(cKeyalias,xKeyfields,xKeyvalue,nKeyorder,xKeydefault)
GetApoRes(cRes)
GetClassName(oObj)
GetClientDir(
GetClsArray(cMask)	
GetComputerName(
GetCountryList(
GetDBExtension(
GetDRefresh(oObj)
GetEmpr(
GetEnv(cVar)
GetEnvServer(
GetFontList(
GetFontPixHeight(
GETFONTSIZE(cFont,nFontsize,lBold,lItalic,lUnderline,oPrint,nLogpxxdiff)
GetFuncArray(cMask)
GetFuncPrm(oObj)
GetMarkBrow(
GetMBrowse(
GetMemVar(cVar,lInitPad,cLado)
GetModuleFileName(
GETMOEDA(
GetMv(cParaNome)
GetNextAlias(
GetObjBrow(
GETPARVALUE(cIdparam,aParam,aParam2)
GETQUERYINFO(cAlias)
GETREALTHEME(
GetRemoteType(@cLibVersion)
GetResArray(cMask)
GetResources(
GetRmtDate(
GetRmtTime(
GetScreenRes(
GetSrcArray(cMask)
GetServerType(
GetSx2Unico(cAlias)
GetSX8Num(cAlias,cCampo,cApelido,nId)
GetTempPath(
GetTheme(
GetVersao(lFull)
GetWndDefault(
GravaData(dData,lPoeBarra,nTipo[1_a_8])
GrpRetName(cCodGrup)
HardCr(cString)
Header(
Help(cRotina,nLinha,cCampo,cNome,cMensagem,nLinha1,nColuna,lPop,hWnd,nHeight,nWidth,lGravaLog)
HMSToTime(nHours,nMinuts,nSeconds)
Hrs2Min(cHour)
Hrs2Min(nHoras)
HrsToSecs(nHoras)
I2Bin(nInteiro)
If(lCondicao,expVerdadeiro,expFalso)
Iif(lCondicao,expVerdadeiro,expFalso)
INCPROC(cMsg)
IncRegua(
IncTime(cTime_Formato_HH:MM:SS,nIncHours,nIncMinuts,nIncSeconds)
IndexExt(
IndexKey(nOrdem)
IndexOrd(
IndRegua(cAlias,cNIndex,cExpress,xOrdem,cFor,cMens,lShow)
Inkey(nSegundos)
Int(nExp)
IPCCount(cSemaforo)
IPCGo(cSemaforo)
IPCWaitEx(cSemaforo,nTimeOut)
IsAlpha(cString)
IsBlind(
IsDigit(cString)
IsDrive(cDrive)
IsFileClient(cDir_cArquivo)
IsFileRemote(cDir_cArquivo)
IsFileServer(cDir_cArquivo)
IsFunction(cFunction)
IsInCallStack(cFunction)
IsInGetDados(aFields)
IsLocked(cAlias,nRecno)
IsLower(cString)
ISMARK(cCampo,cMar,lInv)
ISOFFICEAPP(
ISPDA(
ISPORTAL(
ISPRINTEROK(
ISPROTHEUS(
IsTelNet(
IsTotvs(
IsUpper(cString)
L2Bin(nExp)
LastDay(dData)
LASTDAY(dData,nTipo)
LastKey(
LastRec(
lEditCell(aCols,oLbx,cPicture,nSize)
Left(cString,nCont)
Len(cString_ou_aDestino)
Lerda(
LIsDir(cPath)
LoadBitmap(hInst,cBitMap)
Log(nExp)
Lower(cString)
LTrim(cString)
LUpdate(
MaCheckCols(aHeader,aCols,n)
MAILAUTH(cUser,cPassword)
MAILFORMATTEXT(lTextplain)
MAILGETERR(
MAILGETNUMERR(
MAILGROUP(cEmail)
MAILPOPOFF(
MAILPOPON(cServer,cUser,cPassword,nTimeout,lUsetlsmail,lUsesslmail)
MAILRECEIVE(aNmsgnumber,aCfrom,aCto,aCcc,aCbcc,aCsubject,aCbody,aAfiles,aCpath,aLdelete,aLusetlsmail,aLusesslmail)
MAILSEND(cFrom,aTo,aCc,aBcc,cSubject,cBody,aFiles,lText,lUsetlsmail,lUsesslmail)
MAILSMTPOFF(
MAILSMTPON(cSmtp,cUser,cPassword,nTimeout,lUsetlsmail,lUsesslmail)
MARKBREFRESH(
MARKBROW(xP1,xP2,xP3,xP4,xP5,xP6,xP7,xP8,xP9,xP10,xP11,xP12,xP13,xP14,xP15,xP16,xP17)
MarkBrowse(cAlias,cCampo,cCpo,aCampos,lMarc,cMarca,cCtrlM,lBotoes,cTopFun,cBotFun,cAval,bParBloco)
MARKBROWSE(cAlias,cCampo,cCpo,aCampos,lMarc,cMarca,cCtrlm,lBotoes,cTopfun,cBotfun,cAval,bParbloco,cExprfiltop,lIgnorecpo,aColors,lShowwalkthru,cTela,cFilterdefault)
MARKREC(cField,cCpo,cAlias,lInv,cMar,lNot,bMark,bAval)
Max(nExp1_ou_dExp1,nExp2_ou_dExp2)
MayIUseCode(cCode,cBlqUser)
MBrowse(nT,nL,nB,nR,cAlias,aFixe,cCpo,nPosI,cFun,nDefault,aColors,cTopFun,cBotFun,nFreeze,bParBloco,lNoTopFilter,lSeeAll,lChgAll)
MemoLine(cString,nLineLength,nLineNumber,nTabSize,lWrap)
MemoRead(cArq)
MemoTran(cString,cSubstManualCR,cSubstAutomCR)
MemoWrite(cArq,cString)
MENUADDITEM(cPrompt,cMsg,lChecked,lEnabled,bAction1,cBmpfile,cResname,oMenu,bAction2,nVkstate,nVirtkey,lHelp,nHelpid,bWhen,lBreak)
MENUBEGIN(nTop,nLeft,nHeight,nWidth,lPopup,lSystem,oWnd,cBmpname)
MENUEND(
MENURUN(lRun,cCommand,lAll)
MesDia(dData)
MesExtenso(dData)
Min(nExp1_ou_dExp1,nExp2_ou_dExp2)
Min2Hrs(nMinutes)
Min2Hrs(nMinutos)
MinToSecs(nMinutos)
MLCount(cString,nTamLinha,nTamTab,lTransporte)
Mod(nDividendo,nDivisor)
MODULO11(cStr,nMultini,nMultfim)
MONTABLOCK(cBlock)
MontaDir(cDiret)
Month(dData)
MonthSub(dDate,nMonth)
MonthSum(dDate,nMonth)
MostraErro(cPath,cNome)
MsAdvSize(lEnchoiceBar,lRetJanelaPadrao,nTamanho)
MSAguarde(bAction,cTitle,cMsg,lAbort)
MSAppBringToFront(
MsAppEnd(cTarget,cSource)
MSBAR(cTypeBar,nRow,nCol,cCode,oPrint,lCheck,Color,lHorz,nWidth,nHeigth,lBanner,cFont,cMode,lPrint,nPFWidth,nPFHeigth)
MSBRDATE(dData)
MsCompress(cArquivo, aArquivos, cDestino, cSenha)
MsCopyFile(cSource,cTarget,cRDD)
MsCopyTo(cArqOri,cArqDest)
MsCreate(cArquivo,aStru,cDriver)
MSDATE(
MSDBFILTER(
MsDecomp(cArquivo, cPathDestino, cSenha)
MsDelIndex(cAlias,cDriver)
MsDocPath(
MsErase(cArquivo, cIndice, cDriver)
MsFile(cArquivo,cIndice,cDriver)
MsgAlert(cMsg,cCaption)
MsgBox(cMensagem,cTítulo,cTpCaixa)
MsGetVersion(
MsgInfo(cMsg,cCaption)
MsgMeter(bAction,cMsg,cTitle)
MsgNoYes(cMsg,cCaption)
MsGoto(xIdentity)
MsgStop(cMsg,cCaption)
MsgYesNo(cMsg,cCaption)
MSMM(cChave,nTam,nLin,cString,nOpc,nTabSize,lWrap,cAlias,cCpochave,cRealAlias)
MsObjSize(aArea,aDefObj,lMantem,lCalcHori)
MsRename(cArq1,cArq2)
MsSeek(cChave,lSoft)
MsUnLock(
MsUnLockAll(
MTRIM(cString)
MultStr(cNum1,cNum2)
NaoAltera(cAlias,@aCampos)
NAOVAZIO(cTexto)
Negativo(cTexto)
NetErr(
NoRound(nValor,nDecimais)
NTOC(nNumero,nBase,nTamanho)
Numeral(nNumero[1_a_100])
OLE_CHECKERROR(hOlelink)
OLE_CLOSEFILE(hOlelink)
OLE_CLOSELINK(hOlelink,lClose)
OLE_CREATELINK(cOletypelink,cOnerror)
OLE_EXECUTEMACRO(hOlelink,cMacroname)
OLE_GETCOMMANDBARSSTATE(hOlelink)
OLE_GETPRINTPREVIEW(hOlelink)
OLE_GETPROPERTY(hOlelink,cProperty)
OLE_INITIALIZE(hOlelink)
OLE_LOADADDIN(hOlelink,cFilename)
OLE_NEWFILE(hOlelink,cDoctemplate)
OLE_OPENFILE(hOlelink,cFilename,lReadonly,cPassword,cWritepassword)
OLE_PRINTFILE(hOlelink,cRange,nFrom,nTo,nCopies)
OLE_SAVEASFILE(hOlelink,cFilename,cPassword,cWritepassword,lReadonly,cFormat)
OLE_SAVEFILE(hOlelink)
OLE_SETCOMMANDBARSTATE(hOlelink,aBar,lEnabled)
OLE_SETDOCUMENTVAR(hOlelink,cVariable,cValue)
OLE_SETPRINTPREVIEW(hOlelink,lEnable)
OLE_SETPROPERTY(hOlelink,cProperty,cValue)
OLE_UPDATEFIELDS(hOlelink)
OLE_WORDISOK(hOlelink)
OpenFile(cEmpresa,cNewOpen,lNoRegua)
OURSPOOL(cFile)
PadC(exp,nTamanho,cCaracPreench)
PadL(exp,nTamanho,cCaracPreench)
PadR(exp,nTamanho,cCaracPreench)
PCount(
Pergunte(cPerg,lMostra,cTitle,lOnlyView)
Pertence(cString,cCampo)
PesqBrw(cAlias,nReg,bBrwFilter)
PesqPict(cAlias,cCampo,nTam,nMoeda)
Posicione(cAlias,nOrdem,cChave,cCampo)
Positivo(cTexto)
PrefixoCpo(cAlias)
PRINTERPREVIEW(oPrinter)
PRINTERSETUP(
PRNGETNAME(
PROCESSA(bAction,cTitle,cMsg,lAbort)
ProcLine(nAtivacao)
ProcName(nAtivacao)
PROCREGUA(nTot)
ProxNum(
PswAdmin(cUserName,cSenha,__cUserId)
PswOrder(nOrder[1_a_4])
PswRet(nReg[1_a_3])
PswSeek(cSeek,lUser)
PutMV(cMvPar,xConteudo)
PutMvFil(cMvPar,uPutMv,cFilial)
PutSx1(cGrupo,cOrdem,cPergunt,cPerSpa,cPerEng,cVar,cTipo,nTamanho,nDecimal,nPresel,cGSC,cValid,cF3,cGrpSxg,cPyme,cVar01,cDef01,cDefSpa1,cDefEng1,cCnt01,cDef02,cDefSpa2,cDefEng2,cDef03,cDefSpa3,cDefEng3,cDef04,cDefSpa4,cDefEng4,cDef05,cDefSpa5,cDefEng5,aHelpPor,aHelpEng,aHelpSpa,cHelp)
PutSX1Help(cKey,aHelpPor,aHelpEng,aHelpSpa,lUpdate)
Rat(cPesquisa,cDestino)
RddName(
ReadVar(
RecCount(
RecLock(cAlias,lAdd,lDelete,lSoft)
RecNo(
RecSize(
RegToMemory(cAlias,lInc,lDic,lInitPad)
Replicate(cString,nCont)
RestArea1(aSave)
RestartoGet(aSvoGet,cPosRestart,oGet)
RetCodUsr(
RetExtMnu(
RetField(cAlias,nOrd,cSeek,cCampo)
RetFullName(cAlias,cEmp)
RetSqlName(cAlias)
RetSx3Box(cCombo,nInitCBox,nTam,nTamCpo,cInitValue)
RetTitle(cCampo,nTamanho,lRestSX3)
Right(cString,nCont)
RLock(
RollBackSX8(
Round(nNumero,nDecimais)
RpcBeginTran(oRpcSrv,cRpcIdTTS,cRpcProcess,aRpcParams)
RpcCallProc(oRpcSrv,cRpcFunction,aR)
RPCCHECKSUM(cRpccodtbi,cRpcidtts,cRpctrans)
RPCCHECKTBI(
RPCCHKERR(oErr)
RPCCLEAREMP(
RpcClearEnv(lCloseFiles)
RpcConnect(cRpcServer, nRpcPort, cRpcEnv, cRpcEmp, cRpcFil, aRpcTables, cRpcFunName, lClean, cRpcMod)
RpcConOut(cText)
RpcDisConnect(oRPCSrv)
RpcEndTran(oRpcSrv,cRpcIdTTS)
RPCGETPNDTRANS(
RpcGetTTSId(
RPCGETTYPE(
RPCMYERRO(
RPCOPENFILES(
RPCOPENTABLES(aRpcfiles)
RPCPOPTRAN(cRpcidtts)
RPCPUSHTRAN(cRpcidtts,cRpcprocess,cRpcparams)
RPCPUTINLOG(cMesscode,cText)
RPCREMOTEERR(
RPCSETCODTBI(cCodtbi)
RPCSETEMPFIL(cEmp,cFil)
RpcSetEnv(cRpcEmp,cRpcFil,cEnvUser,cEnvPass,cEnvMod,cFunName,aTables,lShowFinal,lAbend,lOpenSX,lConnect)
RptStatus(bAction,cTitle,cMsg)
RTrim(cString)
RunTrigger(nTipo,nLin,cMacro,oObj,cField)
SaveArea1(aAlias)
Seconds(
SecsToHMS(nSecsToHMS,nHours,nMinuts,nSeconds,cRet[HMS])
SecsToHrs(nSeconds)
SecsToMin(nSeconds)
SecsToTime(nSecs)
Select(cAlias)
SelectBmp(cCampo,nOpc)
SepExt(cExt,nTam1,nTam2,@cRetLin01,@cRetLin02)
SetCSS(cCSS) 
SetDefault(aRet,cAlias,lPortr,lNoAsk,cSize,nOrienta)
SetKey(nCodInkey,bAcao)
SetMemVar(cVar,uSetValue,lSetOwnerPrvt,lForceSetOwner,lRetLastValue,lInitPad,cLado)
SetPgEject(
SetPrint(cAlias,cNome,cPerg,cDesc,cCnt1,cCnt2,cCnt3,lDic,aOrd,lCompres,cSize,aFilter,lFiltro,lCrystal,cNameDrv,lNoAsk,lServer,cPortToPrint)
SetRegua(nTot)
SetStyle (nStyle)
ShellExecute(cAcao,cArquivo,cParam,cDirTrabalho,nOpc)
ShowBitMap(oBitMap,cBmpName,cDef)
SixDescricao(
Sleep(nMileSec)
Soma1(cNum)
SomaHoras(nHora1,bHora2)
SomaStr(cNum1,cNum2)
Space(nCont)
SplitPath(cArquivo,@cDrive,@cDiretorio,@cFile,@cExtenso)
SqlCopy(cFile,cSqlCond,aStru,cAlias,aDates,lRecno)
SqlOrder(nOrdem)
SQRT(nNumero)
StartJob(cTitulo,cEnvironment,lWait,cAlias, cArquivo, aStruct, aIndex, cDriver, lVar, cPaisLoc, Pyme, cEmpAnt, cFilAnt)
StoD(cData)
Str(nNumero,nTamanho,nDecimais)
Str2DataHora(cString)
StrHora(cHora_Formato_23.59)
StrTokArr(cValue,cToken)
StrTran(cString,cProcura,cSubstitui,nInicio,nCont)
Stuff(cString,nInicio,nElimina,cInsere)
SubHoras(nHoraIni,nHoraFim)
SubStr(cString,nInicio,nCont)
SubtHoras(dDataIni,nHoraIni,dDataFim,nHoraFim)
Sx3Box2Arr(xCampo,@aX3cBox)
TableCreate(cAlias,cFileName,aStruct,aIndex,cDriver,lOnlyIndex,cPaisLoc,lPyme,cEmp,cFil)
TableStruct(cAlias,lUserFields)
TamSx3(cNomeCampo)
TcCanOpen(cTableName)
TCConType(cConType)
TCDelFile(cArquivo)
TcGetDb(
TCInternal(nHdl)
TCIsConnected(nHdl)
TCLink(cDataBase,cServer,nPort)
TCQuit(
TCSetField(cAlias,cCampo,cTipo,nTam,nDecimal)
TCSetParam(cParam,cValue)
TCSPExist(cProcName)
TCSqlError(
TCSqlExec(cSqlCommand)
TcSrvType(
TCSysExe(cExpressao)
TCUnLink(nHdl)
Time(
TimeToSeconds(cTime)
Tira1(cNum)
TkMemo(cCodigo,nTam)
TkSX3Box(cCampo)
Transform(exp,cSayPicture)
Type(cExp)
Upper(cString)
Used(
UserPesqui(aPos,nPos,aNames,oObj,cTitle,oJanela)
UsrExist(cCodUser)
UsrFullName(cCodUser)
UsrGrComp(cCodUser)
UsrRetGrp(cCodUser)
UsrRetMail(cCodUser)
UsrRetName(cCodUser)
Val(cNumero)
ValType(exp)
VldHora(nHora_Formato_23.59)
WaitaMinute(
WaitRun(cExeName,cOpc) 
Word(nNumero)
X1Def01(
X1Def02(
X1Def03(
X1Def04(
X1Def05(
X1Pergunt(
X2Nome(
X3CBox(
X3Combo(cCampo,cCombo)
X3Descric(
X3Obrigat(cCampo)
X3Titulo(
X3Usado(cCampo)
X5Descri(cAlias)
X6Conteud(
X6Desc1(
X6Desc2(
X6Descric(
XADescric(
XBDescri(
xFilial(cAlias)
XGDescri()
Year(dData)
YearSub(dDate,nYear)
YearSum(dDate,nYear)   